// Jest Snapshot v1, https://goo.gl/fbAQLP

exports[`Text renders correctly with default props 1`] = `
<p
  class="css-lxt2yb"
>
  Sample Text
</p>
`;
