// Jest Snapshot v1, https://goo.gl/fbAQLP

exports[`Input match snapshot 1`] = `
<input
  aria-label="test input"
  class="css-185unua"
/>
`;
